// Jest Snapshot v1, https://goo.gl/fbAQLP

exports[`Blog Author Tests Should render Blog Author Component  1`] = `
<div
  className="flex flex-col flex-wrap items-center tablet:flex-row"
  data-testid="blogAuthor-test"
>
  <div
    className="relative z-1 tablet:mr-2"
  >
    <div
      className="w-[100px]"
    >
      <div
        className="overflow-hidden rounded-full max-w-none lazy-load-wrapper lazy-load-wrapper-block lazy-load-image-full"
      >
        <div
          className="relative flex-1"
          data-testid="imigx-padding-bot"
          style={
            Object {
              "paddingBottom": "100%",
            }
          }
        >
          <div
            className="absolute w-full lazy-load-wrapper lazy-load-wrapper-block lazy-load-image-full transition-all duration-300"
            data-testid="imigx-container"
          >
            <span
              className=" lazy-load-image-background blur"
              style={
                Object {
                  "backgroundImage": "url(https://et-website.imgix.net/et-website/images/teela-profile-square.jpg?auto=format&w=20&fit=clip)",
                  "backgroundSize": "100% 100%",
                  "color": "transparent",
                  "display": "inline-block",
                  "height": "200px",
                  "width": "200px",
                }
              }
            >
              <span
                className=""
                style={
                  Object {
                    "display": "inline-block",
                    "height": "200px",
                    "width": "200px",
                  }
                }
              />
            </span>
          </div>
        </div>
      </div>
    </div>
  </div>
  <div
    className="relative z-2 my-4 flex flex-col justify-center flex-[1] text-center tablet:my-0 tablet:text-left text-sage-600 tablet:mt-8"
  >
    <div
      className="absolute text-3xl left-[-6px] top-[-45px] tablet:left-[-35px] rotate-[-6deg] mb-2 tablet:text-4xl text-grey-700 font-bonVivant"
    >
      Written By
    </div>
    <div
      className=" font-sentinel__SemiBoldItal text-h3"
    >
      Teela Cunningham
    </div>
    <div
      className="text-base text-sage-700"
    >
      Every Tuesday's content creator and founder.
    </div>
  </div>
  <div
    className="mt-2 flex-[1_1_100%] tablet:flex-[0_1_auto] items-center justify-center tablet:self-end pb-2 tablet:mt-0 laptop:self-auto"
  >
    <a
      className="btn btn-outline"
      href="/about/our-story"
      onBlur={[Function]}
      onClick={[Function]}
      onFocus={[Function]}
      onMouseEnter={[Function]}
      onMouseLeave={[Function]}
      onTouchStart={[Function]}
    >
      About Me
    </a>
  </div>
</div>
`;
